// Jest Snapshot v1, https://goo.gl/fbAQLP

exports[`rules should export configs that refer to actual rules 1`] = `
{
  "all": {
    "plugins": [
      "jest-extended",
    ],
    "rules": {
      "jest-extended/prefer-to-be-array": "error",
      "jest-extended/prefer-to-be-false": "error",
      "jest-extended/prefer-to-be-object": "error",
      "jest-extended/prefer-to-be-true": "error",
      "jest-extended/prefer-to-have-been-called-once": "error",
    },
  },
  "recommended": {
    "plugins": [
      "jest-extended",
    ],
    "rules": {},
  },
}
`;
