// Jest Snapshot v1, https://goo.gl/fbAQLP

exports[`rules should export configs that refer to actual rules 1`] = `
Object {
  "all": Object {
    "plugins": Array [
      "jest-extended",
    ],
    "rules": Object {
      "jest/prefer-to-be-false": "error",
      "jest/prefer-to-be-true": "error",
    },
  },
  "recommended": Object {
    "plugins": Array [
      "jest-extended",
    ],
    "rules": Object {},
  },
}
`;
